
Memory Configuration

Name             Origin             Length             Attributes
SDRAM            0x2001bc00         0x000003f8         xw
*default*        0x00000000         0xffffffff

Linker script and memory map

LOAD c:/program files (x86)/gnu tools arm embedded/6 2017-q2-update/bin/../lib/gcc/arm-none-eabi/6.3.1/thumb/v7e-m\libgcc.a
LOAD LedBlink.obj
LOAD LedBlink_LedBlink_WioLTE.obj
LOAD c:/program files (x86)/gnu tools arm embedded/6 2017-q2-update/bin/../lib/gcc/arm-none-eabi/6.3.1/../../../../arm-none-eabi/lib/thumb/v7e-m\libstdc++.a
LOAD c:/program files (x86)/gnu tools arm embedded/6 2017-q2-update/bin/../lib/gcc/arm-none-eabi/6.3.1/../../../../arm-none-eabi/lib/thumb/v7e-m\libm.a
LOAD c:/program files (x86)/gnu tools arm embedded/6 2017-q2-update/bin/../lib/gcc/arm-none-eabi/6.3.1/../../../../arm-none-eabi/lib/thumb/v7e-m\libc.a
START GROUP
LOAD c:/program files (x86)/gnu tools arm embedded/6 2017-q2-update/bin/../lib/gcc/arm-none-eabi/6.3.1/thumb/v7e-m\libgcc.a
LOAD c:/program files (x86)/gnu tools arm embedded/6 2017-q2-update/bin/../lib/gcc/arm-none-eabi/6.3.1/../../../../arm-none-eabi/lib/thumb/v7e-m\libc.a
END GROUP
                0x00000000                . = ALIGN (0x4)

.text           0x2001bc00       0xd4
 *(.text)
 .text          0x2001bc00        0x0 LedBlink.obj
 .text          0x2001bc00       0xd4 LedBlink_LedBlink_WioLTE.obj
                0x2001bc44                Interop_LedBlink_LedBlink_WioLTE::LedSetRGB___VOID__U1__U1__U1(TinyCLR_Interop_MethodData)

.glue_7         0x2001bcd4        0x0
 .glue_7        0x2001bcd4        0x0 linker stubs

.glue_7t        0x2001bcd4        0x0
 .glue_7t       0x2001bcd4        0x0 linker stubs

.vfp11_veneer   0x2001bcd4        0x0
 .vfp11_veneer  0x2001bcd4        0x0 linker stubs

.v4_bx          0x2001bcd4        0x0
 .v4_bx         0x2001bcd4        0x0 linker stubs

.iplt           0x2001bcd4        0x0
 .iplt          0x2001bcd4        0x0 LedBlink.obj

i.IDelayLoop    0x2001bcd4        0x8
 i.IDelayLoop   0x2001bcd4        0x8 LedBlink_LedBlink_WioLTE.obj
                0x2001bcd4                IDelayLoop

.rodata
 *(.rodata)

.rodata.str1.1  0x2001bcdc        0x9
 .rodata.str1.1
                0x2001bcdc        0x9 LedBlink.obj

.rel.dyn        0x00000000        0x0
 .rel.iplt      0x00000000        0x0 LedBlink.obj

.data           0x2001bce8        0x0
 *(.data)
 .data          0x2001bce8        0x0 LedBlink.obj
 .data          0x2001bce8        0x0 LedBlink_LedBlink_WioLTE.obj

.data.rel.ro    0x2001bce8       0x1c
 .data.rel.ro   0x2001bce8       0x1c LedBlink.obj

.data.rel.ro.local
                0x2001bd04        0xc
 .data.rel.ro.local
                0x2001bd04        0xc LedBlink.obj
                0x2001bd04                Interop_LedBlink

.igot.plt       0x2001bd10        0x0
 .igot.plt      0x2001bd10        0x0 LedBlink.obj

.bss            0x2001bd10        0x0
 *(.bss)
 .bss           0x2001bd10        0x0 LedBlink.obj
 .bss           0x2001bd10        0x0 LedBlink_LedBlink_WioLTE.obj
OUTPUT(LedBlink.elf elf32-littlearm)

.comment        0x00000000       0x7f
 .comment       0x00000000       0x7f LedBlink.obj
                                 0x80 (size before relaxing)
 .comment       0x0000007f       0x80 LedBlink_LedBlink_WioLTE.obj

.ARM.attributes
                0x00000000       0x33
 .ARM.attributes
                0x00000000       0x33 LedBlink.obj
 .ARM.attributes
                0x00000033       0x2d LedBlink_LedBlink_WioLTE.obj
